
> matt-projects@0.1.0 build
> prisma generate && next build --turbopack

Environment variables loaded from .env
Prisma schema loaded from prisma\schema.prisma

Γ£ö Generated Prisma Client (v5.22.0) to .\node_modules\.prisma\client in 80ms

Start by importing your Prisma Client (See: https://pris.ly/d/importing-client)

Tip: Want to turn off tips and other hints? https://pris.ly/tip-4-nohints

   Γû▓ Next.js 15.5.7 (Turbopack)
   - Environments: .env

   Creating an optimized production build ...
 Γ£ô Finished writing to disk in 61ms
 Γ£ô Compiled successfully in 7.4s
   Linting and checking validity of types ...
node.exe : Failed to 
compile.
At 
C:\nvm4w\nodejs\npm.ps1:29 
char:3
+   & $NODE_EXE $NPM_CLI_JS 
$args
+   ~~~~~~~~~~~~~~~~~~~~~~~~
~~~~~
    + CategoryInfo          
    : NotSpecified: (Faile  
  d to compile.:String) [   
 ], RemoteException
    + FullyQualifiedErrorId 
    : NativeCommandError
 

./src/components/dashboard/p
rojects/page.tsx:227:40
Type error: Type 'Project' 
is missing the following 
properties from type 
'Project': handler, student

[0m [90m 225 |[39m
 [90m 226 |[39m           
        
[33m<[39m[33mdiv[39m cla
ssName[33m=[39m[32m"flex 
gap-2 pt-4 opacity-0 
group-hover:opacity-100 tran
sition-opacity"[39m[33m>[
39m
[31m[1m>[22m[39m[90m 
227 |[39m                  
   [33m<[39m[33mEditProje
ctDialog[39m 
project[33m=[39m{project} 
[33m/[39m[33m>[39m
 [90m     |[39m           
                            
 [31m[1m^[22m[39m
 [90m 228 |[39m           
          
[33m<[39m[33mButton[39m 
variant[33m=[39m[32m"dest
ructive"[39m size[33m=[39
m[32m"sm"[39m className[3
3m=[39m[32m"flex-1"[39m[
33m>[39m
 [90m 229 |[39m           
            
[33m<[39m[33mTrash2[39m 
className[33m=[39m[32m"w-
4 h-4 mr-1"[39m 
[33m/[39m[33m>[39m
 [90m 230 |[39m           
            
[33mDelete[39m[0m
Next.js build worker exited 
with code: 1 and signal: 
null
